<?xml version="1.0"?>
<link_info>
   <banner>MSP430 Linker PC v4.3.3</banner>
   <copyright>Copyright (c) 2003-2014 Texas Instruments Incorporated</copyright>
   <link_time>0x58528a26</link_time>
   <link_errors>0x0</link_errors>
   <output_file>SimpleUsbBackchannel.out</output_file>
   <entry_point>
      <name>_c_int00</name>
      <address>0x461c</address>
   </entry_point>
   <input_file_list>
      <input_file id="fl-2">
         <path>.\</path>
         <kind>object</kind>
         <file>BCUart.obj</file>
         <name>BCUart.obj</name>
      </input_file>
      <input_file id="fl-3">
         <path>.\</path>
         <kind>object</kind>
         <file>hal.obj</file>
         <name>hal.obj</name>
      </input_file>
      <input_file id="fl-4">
         <path>.\</path>
         <kind>object</kind>
         <file>main.obj</file>
         <name>main.obj</name>
      </input_file>
      <input_file id="fl-5">
         <path>.\</path>
         <kind>object</kind>
         <file>system_pre_init.obj</file>
         <name>system_pre_init.obj</name>
      </input_file>
      <input_file id="fl-6">
         <path>.\driverlib\MSP430F5xx_6xx\</path>
         <kind>object</kind>
         <file>adc10_a.obj</file>
         <name>adc10_a.obj</name>
      </input_file>
      <input_file id="fl-7">
         <path>.\driverlib\MSP430F5xx_6xx\</path>
         <kind>object</kind>
         <file>adc12_a.obj</file>
         <name>adc12_a.obj</name>
      </input_file>
      <input_file id="fl-8">
         <path>.\driverlib\MSP430F5xx_6xx\</path>
         <kind>object</kind>
         <file>aes.obj</file>
         <name>aes.obj</name>
      </input_file>
      <input_file id="fl-9">
         <path>.\driverlib\MSP430F5xx_6xx\</path>
         <kind>object</kind>
         <file>battbak.obj</file>
         <name>battbak.obj</name>
      </input_file>
      <input_file id="fl-a">
         <path>.\driverlib\MSP430F5xx_6xx\</path>
         <kind>object</kind>
         <file>comp_b.obj</file>
         <name>comp_b.obj</name>
      </input_file>
      <input_file id="fl-b">
         <path>.\driverlib\MSP430F5xx_6xx\</path>
         <kind>object</kind>
         <file>crc.obj</file>
         <name>crc.obj</name>
      </input_file>
      <input_file id="fl-c">
         <path>.\driverlib\MSP430F5xx_6xx\</path>
         <kind>object</kind>
         <file>dac12_a.obj</file>
         <name>dac12_a.obj</name>
      </input_file>
      <input_file id="fl-d">
         <path>.\driverlib\MSP430F5xx_6xx\</path>
         <kind>object</kind>
         <file>dma.obj</file>
         <name>dma.obj</name>
      </input_file>
      <input_file id="fl-e">
         <path>.\driverlib\MSP430F5xx_6xx\</path>
         <kind>object</kind>
         <file>eusci_a_spi.obj</file>
         <name>eusci_a_spi.obj</name>
      </input_file>
      <input_file id="fl-f">
         <path>.\driverlib\MSP430F5xx_6xx\</path>
         <kind>object</kind>
         <file>eusci_a_uart.obj</file>
         <name>eusci_a_uart.obj</name>
      </input_file>
      <input_file id="fl-10">
         <path>.\driverlib\MSP430F5xx_6xx\</path>
         <kind>object</kind>
         <file>eusci_b_i2c.obj</file>
         <name>eusci_b_i2c.obj</name>
      </input_file>
      <input_file id="fl-11">
         <path>.\driverlib\MSP430F5xx_6xx\</path>
         <kind>object</kind>
         <file>eusci_b_spi.obj</file>
         <name>eusci_b_spi.obj</name>
      </input_file>
      <input_file id="fl-12">
         <path>.\driverlib\MSP430F5xx_6xx\</path>
         <kind>object</kind>
         <file>flashctl.obj</file>
         <name>flashctl.obj</name>
      </input_file>
      <input_file id="fl-13">
         <path>.\driverlib\MSP430F5xx_6xx\</path>
         <kind>object</kind>
         <file>gpio.obj</file>
         <name>gpio.obj</name>
      </input_file>
      <input_file id="fl-14">
         <path>.\driverlib\MSP430F5xx_6xx\</path>
         <kind>object</kind>
         <file>ldopwr.obj</file>
         <name>ldopwr.obj</name>
      </input_file>
      <input_file id="fl-15">
         <path>.\driverlib\MSP430F5xx_6xx\</path>
         <kind>object</kind>
         <file>mpy32.obj</file>
         <name>mpy32.obj</name>
      </input_file>
      <input_file id="fl-16">
         <path>.\driverlib\MSP430F5xx_6xx\</path>
         <kind>object</kind>
         <file>pmap.obj</file>
         <name>pmap.obj</name>
      </input_file>
      <input_file id="fl-17">
         <path>.\driverlib\MSP430F5xx_6xx\</path>
         <kind>object</kind>
         <file>pmm.obj</file>
         <name>pmm.obj</name>
      </input_file>
      <input_file id="fl-18">
         <path>.\driverlib\MSP430F5xx_6xx\</path>
         <kind>object</kind>
         <file>ram.obj</file>
         <name>ram.obj</name>
      </input_file>
      <input_file id="fl-19">
         <path>.\driverlib\MSP430F5xx_6xx\</path>
         <kind>object</kind>
         <file>ref.obj</file>
         <name>ref.obj</name>
      </input_file>
      <input_file id="fl-1a">
         <path>.\driverlib\MSP430F5xx_6xx\</path>
         <kind>object</kind>
         <file>rtc_a.obj</file>
         <name>rtc_a.obj</name>
      </input_file>
      <input_file id="fl-1b">
         <path>.\driverlib\MSP430F5xx_6xx\</path>
         <kind>object</kind>
         <file>rtc_b.obj</file>
         <name>rtc_b.obj</name>
      </input_file>
      <input_file id="fl-1c">
         <path>.\driverlib\MSP430F5xx_6xx\</path>
         <kind>object</kind>
         <file>rtc_c.obj</file>
         <name>rtc_c.obj</name>
      </input_file>
      <input_file id="fl-1d">
         <path>.\driverlib\MSP430F5xx_6xx\</path>
         <kind>object</kind>
         <file>sd24_b.obj</file>
         <name>sd24_b.obj</name>
      </input_file>
      <input_file id="fl-1e">
         <path>.\driverlib\MSP430F5xx_6xx\</path>
         <kind>object</kind>
         <file>sfr.obj</file>
         <name>sfr.obj</name>
      </input_file>
      <input_file id="fl-1f">
         <path>.\driverlib\MSP430F5xx_6xx\</path>
         <kind>object</kind>
         <file>sysctl.obj</file>
         <name>sysctl.obj</name>
      </input_file>
      <input_file id="fl-20">
         <path>.\driverlib\MSP430F5xx_6xx\</path>
         <kind>object</kind>
         <file>tec.obj</file>
         <name>tec.obj</name>
      </input_file>
      <input_file id="fl-21">
         <path>.\driverlib\MSP430F5xx_6xx\</path>
         <kind>object</kind>
         <file>timer_a.obj</file>
         <name>timer_a.obj</name>
      </input_file>
      <input_file id="fl-22">
         <path>.\driverlib\MSP430F5xx_6xx\</path>
         <kind>object</kind>
         <file>timer_b.obj</file>
         <name>timer_b.obj</name>
      </input_file>
      <input_file id="fl-23">
         <path>.\driverlib\MSP430F5xx_6xx\</path>
         <kind>object</kind>
         <file>timer_d.obj</file>
         <name>timer_d.obj</name>
      </input_file>
      <input_file id="fl-24">
         <path>.\driverlib\MSP430F5xx_6xx\</path>
         <kind>object</kind>
         <file>tlv.obj</file>
         <name>tlv.obj</name>
      </input_file>
      <input_file id="fl-25">
         <path>.\driverlib\MSP430F5xx_6xx\</path>
         <kind>object</kind>
         <file>ucs.obj</file>
         <name>ucs.obj</name>
      </input_file>
      <input_file id="fl-26">
         <path>.\driverlib\MSP430F5xx_6xx\</path>
         <kind>object</kind>
         <file>usci_a_spi.obj</file>
         <name>usci_a_spi.obj</name>
      </input_file>
      <input_file id="fl-27">
         <path>.\driverlib\MSP430F5xx_6xx\</path>
         <kind>object</kind>
         <file>usci_a_uart.obj</file>
         <name>usci_a_uart.obj</name>
      </input_file>
      <input_file id="fl-28">
         <path>.\driverlib\MSP430F5xx_6xx\</path>
         <kind>object</kind>
         <file>usci_b_i2c.obj</file>
         <name>usci_b_i2c.obj</name>
      </input_file>
      <input_file id="fl-29">
         <path>.\driverlib\MSP430F5xx_6xx\</path>
         <kind>object</kind>
         <file>usci_b_spi.obj</file>
         <name>usci_b_spi.obj</name>
      </input_file>
      <input_file id="fl-2a">
         <path>.\driverlib\MSP430F5xx_6xx\</path>
         <kind>object</kind>
         <file>wdt_a.obj</file>
         <name>wdt_a.obj</name>
      </input_file>
      <input_file id="fl-2b">
         <path>.\USB_config\</path>
         <kind>object</kind>
         <file>UsbIsr.obj</file>
         <name>UsbIsr.obj</name>
      </input_file>
      <input_file id="fl-2c">
         <path>.\USB_config\</path>
         <kind>object</kind>
         <file>descriptors.obj</file>
         <name>descriptors.obj</name>
      </input_file>
      <input_file id="fl-2d">
         <path>.\USB_app\</path>
         <kind>object</kind>
         <file>usbConstructs.obj</file>
         <name>usbConstructs.obj</name>
      </input_file>
      <input_file id="fl-2e">
         <path>.\USB_app\</path>
         <kind>object</kind>
         <file>usbEventHandling.obj</file>
         <name>usbEventHandling.obj</name>
      </input_file>
      <input_file id="fl-2f">
         <path>.\USB_API\USB_PHDC_API\</path>
         <kind>object</kind>
         <file>UsbPHDC.obj</file>
         <name>UsbPHDC.obj</name>
      </input_file>
      <input_file id="fl-30">
         <path>.\USB_API\USB_MSC_API\</path>
         <kind>object</kind>
         <file>UsbMscReq.obj</file>
         <name>UsbMscReq.obj</name>
      </input_file>
      <input_file id="fl-31">
         <path>.\USB_API\USB_MSC_API\</path>
         <kind>object</kind>
         <file>UsbMscScsi.obj</file>
         <name>UsbMscScsi.obj</name>
      </input_file>
      <input_file id="fl-32">
         <path>.\USB_API\USB_MSC_API\</path>
         <kind>object</kind>
         <file>UsbMscStateMachine.obj</file>
         <name>UsbMscStateMachine.obj</name>
      </input_file>
      <input_file id="fl-33">
         <path>.\USB_API\USB_HID_API\</path>
         <kind>object</kind>
         <file>UsbHid.obj</file>
         <name>UsbHid.obj</name>
      </input_file>
      <input_file id="fl-34">
         <path>.\USB_API\USB_HID_API\</path>
         <kind>object</kind>
         <file>UsbHidReq.obj</file>
         <name>UsbHidReq.obj</name>
      </input_file>
      <input_file id="fl-35">
         <path>.\USB_API\USB_Common\</path>
         <kind>object</kind>
         <file>usb.obj</file>
         <name>usb.obj</name>
      </input_file>
      <input_file id="fl-36">
         <path>.\USB_API\USB_Common\</path>
         <kind>object</kind>
         <file>usbdma.obj</file>
         <name>usbdma.obj</name>
      </input_file>
      <input_file id="fl-37">
         <path>.\USB_API\USB_CDC_API\</path>
         <kind>object</kind>
         <file>UsbCdc.obj</file>
         <name>UsbCdc.obj</name>
      </input_file>
      <input_file id="fl-67">
         <path>C:\ti\ccsv6\tools\compiler\msp430_4.3.3\lib\</path>
         <kind>archive</kind>
         <file>rts430x_lc_rd_eabi.lib</file>
         <name>boot.obj</name>
      </input_file>
      <input_file id="fl-68">
         <path>C:\ti\ccsv6\tools\compiler\msp430_4.3.3\lib\</path>
         <kind>archive</kind>
         <file>rts430x_lc_rd_eabi.lib</file>
         <name>copy_decompress_none.obj</name>
      </input_file>
      <input_file id="fl-69">
         <path>C:\ti\ccsv6\tools\compiler\msp430_4.3.3\lib\</path>
         <kind>archive</kind>
         <file>rts430x_lc_rd_eabi.lib</file>
         <name>copy_decompress_rle.obj</name>
      </input_file>
      <input_file id="fl-6a">
         <path>C:\ti\ccsv6\tools\compiler\msp430_4.3.3\lib\</path>
         <kind>archive</kind>
         <file>rts430x_lc_rd_eabi.lib</file>
         <name>copy_zero_init.obj</name>
      </input_file>
      <input_file id="fl-6b">
         <path>C:\ti\ccsv6\tools\compiler\msp430_4.3.3\lib\</path>
         <kind>archive</kind>
         <file>rts430x_lc_rd_eabi.lib</file>
         <name>div16s.obj</name>
      </input_file>
      <input_file id="fl-6c">
         <path>C:\ti\ccsv6\tools\compiler\msp430_4.3.3\lib\</path>
         <kind>archive</kind>
         <file>rts430x_lc_rd_eabi.lib</file>
         <name>div16u.obj</name>
      </input_file>
      <input_file id="fl-6d">
         <path>C:\ti\ccsv6\tools\compiler\msp430_4.3.3\lib\</path>
         <kind>archive</kind>
         <file>rts430x_lc_rd_eabi.lib</file>
         <name>div32s.obj</name>
      </input_file>
      <input_file id="fl-6e">
         <path>C:\ti\ccsv6\tools\compiler\msp430_4.3.3\lib\</path>
         <kind>archive</kind>
         <file>rts430x_lc_rd_eabi.lib</file>
         <name>div32u.obj</name>
      </input_file>
      <input_file id="fl-6f">
         <path>C:\ti\ccsv6\tools\compiler\msp430_4.3.3\lib\</path>
         <kind>archive</kind>
         <file>rts430x_lc_rd_eabi.lib</file>
         <name>exit.obj</name>
      </input_file>
      <input_file id="fl-70">
         <path>C:\ti\ccsv6\tools\compiler\msp430_4.3.3\lib\</path>
         <kind>archive</kind>
         <file>rts430x_lc_rd_eabi.lib</file>
         <name>int41.obj</name>
      </input_file>
      <input_file id="fl-71">
         <path>C:\ti\ccsv6\tools\compiler\msp430_4.3.3\lib\</path>
         <kind>archive</kind>
         <file>rts430x_lc_rd_eabi.lib</file>
         <name>int43.obj</name>
      </input_file>
      <input_file id="fl-72">
         <path>C:\ti\ccsv6\tools\compiler\msp430_4.3.3\lib\</path>
         <kind>archive</kind>
         <file>rts430x_lc_rd_eabi.lib</file>
         <name>int44.obj</name>
      </input_file>
      <input_file id="fl-73">
         <path>C:\ti\ccsv6\tools\compiler\msp430_4.3.3\lib\</path>
         <kind>archive</kind>
         <file>rts430x_lc_rd_eabi.lib</file>
         <name>int45.obj</name>
      </input_file>
      <input_file id="fl-74">
         <path>C:\ti\ccsv6\tools\compiler\msp430_4.3.3\lib\</path>
         <kind>archive</kind>
         <file>rts430x_lc_rd_eabi.lib</file>
         <name>int47.obj</name>
      </input_file>
      <input_file id="fl-75">
         <path>C:\ti\ccsv6\tools\compiler\msp430_4.3.3\lib\</path>
         <kind>archive</kind>
         <file>rts430x_lc_rd_eabi.lib</file>
         <name>int48.obj</name>
      </input_file>
      <input_file id="fl-76">
         <path>C:\ti\ccsv6\tools\compiler\msp430_4.3.3\lib\</path>
         <kind>archive</kind>
         <file>rts430x_lc_rd_eabi.lib</file>
         <name>int49.obj</name>
      </input_file>
      <input_file id="fl-77">
         <path>C:\ti\ccsv6\tools\compiler\msp430_4.3.3\lib\</path>
         <kind>archive</kind>
         <file>rts430x_lc_rd_eabi.lib</file>
         <name>int50.obj</name>
      </input_file>
      <input_file id="fl-78">
         <path>C:\ti\ccsv6\tools\compiler\msp430_4.3.3\lib\</path>
         <kind>archive</kind>
         <file>rts430x_lc_rd_eabi.lib</file>
         <name>int53.obj</name>
      </input_file>
      <input_file id="fl-79">
         <path>C:\ti\ccsv6\tools\compiler\msp430_4.3.3\lib\</path>
         <kind>archive</kind>
         <file>rts430x_lc_rd_eabi.lib</file>
         <name>int54.obj</name>
      </input_file>
      <input_file id="fl-7a">
         <path>C:\ti\ccsv6\tools\compiler\msp430_4.3.3\lib\</path>
         <kind>archive</kind>
         <file>rts430x_lc_rd_eabi.lib</file>
         <name>int55.obj</name>
      </input_file>
      <input_file id="fl-7b">
         <path>C:\ti\ccsv6\tools\compiler\msp430_4.3.3\lib\</path>
         <kind>archive</kind>
         <file>rts430x_lc_rd_eabi.lib</file>
         <name>int56.obj</name>
      </input_file>
      <input_file id="fl-7c">
         <path>C:\ti\ccsv6\tools\compiler\msp430_4.3.3\lib\</path>
         <kind>archive</kind>
         <file>rts430x_lc_rd_eabi.lib</file>
         <name>int57.obj</name>
      </input_file>
      <input_file id="fl-7d">
         <path>C:\ti\ccsv6\tools\compiler\msp430_4.3.3\lib\</path>
         <kind>archive</kind>
         <file>rts430x_lc_rd_eabi.lib</file>
         <name>int58.obj</name>
      </input_file>
      <input_file id="fl-7e">
         <path>C:\ti\ccsv6\tools\compiler\msp430_4.3.3\lib\</path>
         <kind>archive</kind>
         <file>rts430x_lc_rd_eabi.lib</file>
         <name>int59.obj</name>
      </input_file>
      <input_file id="fl-7f">
         <path>C:\ti\ccsv6\tools\compiler\msp430_4.3.3\lib\</path>
         <kind>archive</kind>
         <file>rts430x_lc_rd_eabi.lib</file>
         <name>int60.obj</name>
      </input_file>
      <input_file id="fl-80">
         <path>C:\ti\ccsv6\tools\compiler\msp430_4.3.3\lib\</path>
         <kind>archive</kind>
         <file>rts430x_lc_rd_eabi.lib</file>
         <name>int61.obj</name>
      </input_file>
      <input_file id="fl-81">
         <path>C:\ti\ccsv6\tools\compiler\msp430_4.3.3\lib\</path>
         <kind>archive</kind>
         <file>rts430x_lc_rd_eabi.lib</file>
         <name>int62.obj</name>
      </input_file>
      <input_file id="fl-82">
         <path>C:\ti\ccsv6\tools\compiler\msp430_4.3.3\lib\</path>
         <kind>archive</kind>
         <file>rts430x_lc_rd_eabi.lib</file>
         <name>isr_trap.obj</name>
      </input_file>
      <input_file id="fl-83">
         <path>C:\ti\ccsv6\tools\compiler\msp430_4.3.3\lib\</path>
         <kind>archive</kind>
         <file>rts430x_lc_rd_eabi.lib</file>
         <name>lsl16.obj</name>
      </input_file>
      <input_file id="fl-84">
         <path>C:\ti\ccsv6\tools\compiler\msp430_4.3.3\lib\</path>
         <kind>archive</kind>
         <file>rts430x_lc_rd_eabi.lib</file>
         <name>lsl32.obj</name>
      </input_file>
      <input_file id="fl-85">
         <path>C:\ti\ccsv6\tools\compiler\msp430_4.3.3\lib\</path>
         <kind>archive</kind>
         <file>rts430x_lc_rd_eabi.lib</file>
         <name>lsr16.obj</name>
      </input_file>
      <input_file id="fl-86">
         <path>C:\ti\ccsv6\tools\compiler\msp430_4.3.3\lib\</path>
         <kind>archive</kind>
         <file>rts430x_lc_rd_eabi.lib</file>
         <name>lsr32.obj</name>
      </input_file>
      <input_file id="fl-87">
         <path>C:\ti\ccsv6\tools\compiler\msp430_4.3.3\lib\</path>
         <kind>archive</kind>
         <file>rts430x_lc_rd_eabi.lib</file>
         <name>memcpy.obj</name>
      </input_file>
      <input_file id="fl-88">
         <path>C:\ti\ccsv6\tools\compiler\msp430_4.3.3\lib\</path>
         <kind>archive</kind>
         <file>rts430x_lc_rd_eabi.lib</file>
         <name>memset.obj</name>
      </input_file>
      <input_file id="fl-89">
         <path>C:\ti\ccsv6\tools\compiler\msp430_4.3.3\lib\</path>
         <kind>archive</kind>
         <file>rts430x_lc_rd_eabi.lib</file>
         <name>mpu_init.obj</name>
      </input_file>
      <input_file id="fl-8a">
         <path>C:\ti\ccsv6\tools\compiler\msp430_4.3.3\lib\</path>
         <kind>archive</kind>
         <file>rts430x_lc_rd_eabi.lib</file>
         <name>mult16_f5hw.obj</name>
      </input_file>
      <input_file id="fl-8b">
         <path>C:\ti\ccsv6\tools\compiler\msp430_4.3.3\lib\</path>
         <kind>archive</kind>
         <file>rts430x_lc_rd_eabi.lib</file>
         <name>mult32_f5hw.obj</name>
      </input_file>
      <input_file id="fl-8c">
         <path>C:\ti\ccsv6\tools\compiler\msp430_4.3.3\lib\</path>
         <kind>archive</kind>
         <file>rts430x_lc_rd_eabi.lib</file>
         <name>_lock.obj</name>
      </input_file>
      <input_file id="fl-8d">
         <path>C:\ti\ccsv6\tools\compiler\msp430_4.3.3\lib\</path>
         <kind>archive</kind>
         <file>rts430x_lc_rd_eabi.lib</file>
         <name>args_main.obj</name>
      </input_file>
      <input_file id="fl-8e">
         <path>C:\ti\ccsv6\tools\compiler\msp430_4.3.3\lib\</path>
         <kind>archive</kind>
         <file>rts430x_lc_rd_eabi.lib</file>
         <name>autoinit.obj</name>
      </input_file>
   </input_file_list>
   <object_component_list>
      <object_component id="oc-97">
         <name>.stack</name>
         <uninitialized>true</uninitialized>
         <run_address>0x4360</run_address>
         <size>0x4</size>
         <input_file_ref idref="fl-67"/>
      </object_component>
      <object_component id="oc-608">
         <name>.stack</name>
         <uninitialized>true</uninitialized>
         <run_address>0x4360</run_address>
         <size>0x0</size>
      </object_component>
      <object_component id="oc-1b0">
         <name>.text:CdcToHostFromBuffer</name>
         <load_address>0x10000</load_address>
         <run_address>0x10000</run_address>
         <size>0x31a</size>
         <input_file_ref idref="fl-37"/>
      </object_component>
      <object_component id="oc-1c9">
         <name>.text:CdcToBufferFromHost</name>
         <load_address>0x1031a</load_address>
         <run_address>0x1031a</run_address>
         <size>0x260</size>
         <input_file_ref idref="fl-37"/>
      </object_component>
      <object_component id="oc-189">
         <name>.text:USB_reset</name>
         <load_address>0x1057a</load_address>
         <run_address>0x1057a</run_address>
         <size>0x1d8</size>
         <input_file_ref idref="fl-35"/>
      </object_component>
      <object_component id="oc-34a">
         <name>.text:USB_InitSerialStringDescriptor</name>
         <load_address>0x10752</load_address>
         <run_address>0x10752</run_address>
         <size>0x144</size>
         <input_file_ref idref="fl-35"/>
      </object_component>
      <object_component id="oc-285">
         <name>.text:USB_determineFreq</name>
         <load_address>0x10896</load_address>
         <run_address>0x10896</run_address>
         <size>0x138</size>
         <input_file_ref idref="fl-35"/>
      </object_component>
      <object_component id="oc-315">
         <name>.text:CopyUsbToBuff</name>
         <load_address>0x109ce</load_address>
         <run_address>0x109ce</run_address>
         <size>0x136</size>
         <input_file_ref idref="fl-37"/>
      </object_component>
      <object_component id="oc-338">
         <name>.text:UCS_initFLL</name>
         <load_address>0x10b04</load_address>
         <run_address>0x10b04</run_address>
         <size>0x12e</size>
         <input_file_ref idref="fl-25"/>
      </object_component>
      <object_component id="oc-261">
         <name>.text:USBCDC_getInterfaceStatus</name>
         <load_address>0x10c32</load_address>
         <run_address>0x10c32</run_address>
         <size>0x114</size>
         <input_file_ref idref="fl-37"/>
      </object_component>
      <object_component id="oc-207">
         <name>.text:PMM_setVCoreUp</name>
         <load_address>0x10d46</load_address>
         <run_address>0x10d46</run_address>
         <size>0x108</size>
         <input_file_ref idref="fl-17"/>
      </object_component>
      <object_component id="oc-251">
         <name>.text:USB_enable</name>
         <load_address>0x10e4e</load_address>
         <run_address>0x10e4e</run_address>
         <size>0xfa</size>
         <input_file_ref idref="fl-35"/>
      </object_component>
      <object_component id="oc-271">
         <name>.text:usbDecodeAndProcessUsbRequest</name>
         <load_address>0x10f48</load_address>
         <run_address>0x10f48</run_address>
         <size>0xfa</size>
         <input_file_ref idref="fl-35"/>
      </object_component>
      <object_component id="oc-1bc">
         <name>.text:USBCDC_getBytesInUSBBuffer</name>
         <load_address>0x11042</load_address>
         <run_address>0x11042</run_address>
         <size>0xd8</size>
         <input_file_ref idref="fl-37"/>
      </object_component>
      <object_component id="oc-215">
         <name>.text:UCS_initClockSignal</name>
         <load_address>0x1111a</load_address>
         <run_address>0x1111a</run_address>
         <size>0xd0</size>
         <input_file_ref idref="fl-25"/>
      </object_component>
      <object_component id="oc-267">
         <name>.text:USBCDC_sendData</name>
         <load_address>0x111ea</load_address>
         <run_address>0x111ea</run_address>
         <size>0xc2</size>
         <input_file_ref idref="fl-37"/>
      </object_component>
      <object_component id="oc-20d">
         <name>.text:PMM_setVCoreDown</name>
         <load_address>0x112ac</load_address>
         <run_address>0x112ac</run_address>
         <size>0xc0</size>
         <input_file_ref idref="fl-17"/>
      </object_component>
      <object_component id="oc-23f">
         <name>.text:USB_init</name>
         <load_address>0x1136c</load_address>
         <run_address>0x1136c</run_address>
         <size>0xaa</size>
         <input_file_ref idref="fl-35"/>
      </object_component>
      <object_component id="oc-42e">
         <name>.text:DMA_init</name>
         <load_address>0x11416</load_address>
         <run_address>0x11416</run_address>
         <size>0xa6</size>
         <input_file_ref idref="fl-d"/>
      </object_component>
      <object_component id="oc-48a">
         <name>.text:usbGetEndpointStatus</name>
         <load_address>0x114bc</load_address>
         <run_address>0x114bc</run_address>
         <size>0xa6</size>
         <input_file_ref idref="fl-35"/>
      </object_component>
      <object_component id="oc-146">
         <name>.text:cdcSendDataInBackground</name>
         <load_address>0x11562</load_address>
         <run_address>0x11562</run_address>
         <size>0xa2</size>
         <input_file_ref idref="fl-2d"/>
      </object_component>
      <object_component id="oc-b8">
         <name>.text:main</name>
         <load_address>0x11604</load_address>
         <run_address>0x11604</run_address>
         <size>0x96</size>
         <input_file_ref idref="fl-4"/>
      </object_component>
      <object_component id="oc-412">
         <name>.text:TLV_getInfo</name>
         <load_address>0x1169a</load_address>
         <run_address>0x1169a</run_address>
         <size>0x90</size>
         <input_file_ref idref="fl-24"/>
      </object_component>
      <object_component id="oc-442">
         <name>.text:usbGetLineCoding</name>
         <load_address>0x1172a</load_address>
         <run_address>0x1172a</run_address>
         <size>0x8e</size>
         <input_file_ref idref="fl-37"/>
      </object_component>
      <object_component id="oc-170">
         <name>.text:PWRVBUSoffHandler</name>
         <load_address>0x117b8</load_address>
         <run_address>0x117b8</run_address>
         <size>0x82</size>
         <input_file_ref idref="fl-2b"/>
      </object_component>
      <object_component id="oc-294">
         <name>.text:usbSendNextPacketOnIEP0</name>
         <load_address>0x1183a</load_address>
         <run_address>0x1183a</run_address>
         <size>0x80</size>
         <input_file_ref idref="fl-35"/>
      </object_component>
      <object_component id="oc-434">
         <name>.text:memcpyDMA</name>
         <load_address>0x118ba</load_address>
         <run_address>0x118ba</run_address>
         <size>0x7a</size>
         <input_file_ref idref="fl-36"/>
      </object_component>
      <object_component id="oc-472">
         <name>.text:usbGetStringDescriptor</name>
         <load_address>0x11934</load_address>
         <run_address>0x11934</run_address>
         <size>0x78</size>
         <input_file_ref idref="fl-35"/>
      </object_component>
      <object_component id="oc-163">
         <name>.text:PWRVBUSonHandler</name>
         <load_address>0x119ac</load_address>
         <run_address>0x119ac</run_address>
         <size>0x76</size>
         <input_file_ref idref="fl-2b"/>
      </object_component>
      <object_component id="oc-2a3">
         <name>.text:Handler_SetLineCoding</name>
         <load_address>0x11a22</load_address>
         <run_address>0x11a22</run_address>
         <size>0x70</size>
         <input_file_ref idref="fl-37"/>
      </object_component>
      <object_component id="oc-11d">
         <name>.text:PMM_setVCore</name>
         <load_address>0x11a92</load_address>
         <run_address>0x11a92</run_address>
         <size>0x70</size>
         <input_file_ref idref="fl-17"/>
      </object_component>
      <object_component id="oc-b2">
         <name>.text:_auto_init_hold_wdt</name>
         <load_address>0x11b02</load_address>
         <run_address>0x11b02</run_address>
         <size>0x6e</size>
         <input_file_ref idref="fl-8e"/>
      </object_component>
      <object_component id="oc-232">
         <name>.text:GPIO_setAsInputPinWithPullUpResistor</name>
         <load_address>0x11b70</load_address>
         <run_address>0x11b70</run_address>
         <size>0x6c</size>
         <input_file_ref idref="fl-13"/>
      </object_component>
      <object_component id="oc-129">
         <name>.text:initClocks</name>
         <load_address>0x11bdc</load_address>
         <run_address>0x11bdc</run_address>
         <size>0x6a</size>
         <input_file_ref idref="fl-3"/>
      </object_component>
      <object_component id="oc-29c">
         <name>.text:usbReceiveNextPacketOnOEP0</name>
         <load_address>0x11c46</load_address>
         <run_address>0x11c46</run_address>
         <size>0x6a</size>
         <input_file_ref idref="fl-35"/>
      </object_component>
      <object_component id="oc-e5">
         <name>.text:__TI_decompress_rle_core</name>
         <load_address>0x11cb0</load_address>
         <run_address>0x11cb0</run_address>
         <size>0x62</size>
         <input_file_ref idref="fl-69"/>
      </object_component>
      <object_component id="oc-154">
         <name>.text:SetupPacketInterruptHandler</name>
         <load_address>0x11d12</load_address>
         <run_address>0x11d12</run_address>
         <size>0x5c</size>
         <input_file_ref idref="fl-2b"/>
      </object_component>
      <object_component id="oc-350">
         <name>.text:USB_initMemcpy</name>
         <load_address>0x11d6e</load_address>
         <run_address>0x11d6e</run_address>
         <size>0x5c</size>
         <input_file_ref idref="fl-36"/>
      </object_component>
      <object_component id="oc-426">
         <name>.text:memcpyV</name>
         <load_address>0x11dca</load_address>
         <run_address>0x11dca</run_address>
         <size>0x58</size>
         <input_file_ref idref="fl-36"/>
      </object_component>
      <object_component id="oc-21b">
         <name>.text</name>
         <load_address>0x11e22</load_address>
         <run_address>0x11e22</run_address>
         <size>0x58</size>
         <input_file_ref idref="fl-6e"/>
      </object_component>
      <object_component id="oc-4a2">
         <name>.text:usbSetEndpointFeature</name>
         <load_address>0x11e7a</load_address>
         <run_address>0x11e7a</run_address>
         <size>0x56</size>
         <input_file_ref idref="fl-35"/>
      </object_component>
      <object_component id="oc-360">
         <name>.text:UCS_turnOnXT2WithTimeout</name>
         <load_address>0x11ed0</load_address>
         <run_address>0x11ed0</run_address>
         <size>0x54</size>
         <input_file_ref idref="fl-25"/>
      </object_component>
      <object_component id="oc-45a">
         <name>.text:usbClearEndpointFeature</name>
         <load_address>0x11f24</load_address>
         <run_address>0x11f24</run_address>
         <size>0x54</size>
         <input_file_ref idref="fl-35"/>
      </object_component>
      <object_component id="oc-4d5">
         <name>.text:DMA_setDstAddress</name>
         <load_address>0x11f78</load_address>
         <run_address>0x11f78</run_address>
         <size>0x4e</size>
         <input_file_ref idref="fl-d"/>
      </object_component>
      <object_component id="oc-35a">
         <name>.text:GPIO_setAsPeripheralModuleFunctionOutputPin</name>
         <load_address>0x11fc6</load_address>
         <run_address>0x11fc6</run_address>
         <size>0x4e</size>
         <input_file_ref idref="fl-13"/>
      </object_component>
      <object_component id="oc-225">
         <name>.text:UCS_initFLLSettle</name>
         <load_address>0x12014</load_address>
         <run_address>0x12014</run_address>
         <size>0x4e</size>
         <input_file_ref idref="fl-25"/>
      </object_component>
      <object_component id="oc-2b3">
         <name>.text:CdcResetData</name>
         <load_address>0x12062</load_address>
         <run_address>0x12062</run_address>
         <size>0x4a</size>
         <input_file_ref idref="fl-37"/>
      </object_component>
      <object_component id="oc-4cf">
         <name>.text:DMA_setSrcAddress</name>
         <load_address>0x120ac</load_address>
         <run_address>0x120ac</run_address>
         <size>0x4a</size>
         <input_file_ref idref="fl-d"/>
      </object_component>
      <object_component id="oc-135">
         <name>.text:USB_setup</name>
         <load_address>0x120f6</load_address>
         <run_address>0x120f6</run_address>
         <size>0x4a</size>
         <input_file_ref idref="fl-35"/>
      </object_component>
      <object_component id="oc-123">
         <name>.text:initPorts</name>
         <load_address>0x12140</load_address>
         <run_address>0x12140</run_address>
         <size>0x42</size>
         <input_file_ref idref="fl-3"/>
      </object_component>
      <object_component id="oc-100">
         <name>.text:GPIO_clearInterrupt</name>
         <load_address>0x12182</load_address>
         <run_address>0x12182</run_address>
         <size>0x40</size>
         <input_file_ref idref="fl-13"/>
      </object_component>
      <object_component id="oc-238">
         <name>.text:GPIO_enableInterrupt</name>
         <load_address>0x121c2</load_address>
         <run_address>0x121c2</run_address>
         <size>0x40</size>
         <input_file_ref idref="fl-13"/>
      </object_component>
      <object_component id="oc-24b">
         <name>.text:USB_getConnectionInformation</name>
         <load_address>0x12202</load_address>
         <run_address>0x12202</run_address>
         <size>0x40</size>
         <input_file_ref idref="fl-35"/>
      </object_component>
      <object_component id="oc-22c">
         <name>.text:GPIO_setOutputHighOnPin</name>
         <load_address>0x12242</load_address>
         <run_address>0x12242</run_address>
         <size>0x3e</size>
         <input_file_ref idref="fl-13"/>
      </object_component>
      <object_component id="oc-3c7">
         <name>.text:l_lsl_const</name>
         <load_address>0x12280</load_address>
         <run_address>0x12280</run_address>
         <size>0x3e</size>
         <input_file_ref idref="fl-84"/>
      </object_component>
      <object_component id="oc-220">
         <name>.text:l_lsr_const</name>
         <load_address>0x122be</load_address>
         <run_address>0x122be</run_address>
         <size>0x3e</size>
         <input_file_ref idref="fl-86"/>
      </object_component>
      <object_component id="oc-fa">
         <name>.text:GPIO_getInterruptStatus</name>
         <load_address>0x122fc</load_address>
         <run_address>0x122fc</run_address>
         <size>0x3c</size>
         <input_file_ref idref="fl-13"/>
      </object_component>
      <object_component id="oc-183">
         <name>.text:OEP0InterruptHandler</name>
         <load_address>0x12338</load_address>
         <run_address>0x12338</run_address>
         <size>0x3c</size>
         <input_file_ref idref="fl-2b"/>
      </object_component>
      <object_component id="oc-511">
         <name>.text:usbSendDataPacketOnEP0</name>
         <load_address>0x12374</load_address>
         <run_address>0x12374</run_address>
         <size>0x38</size>
         <input_file_ref idref="fl-35"/>
      </object_component>
      <object_component id="oc-368">
         <name>.text:usbDisableInEndpointInterrupt</name>
         <load_address>0x123ac</load_address>
         <run_address>0x123ac</run_address>
         <size>0x34</size>
         <input_file_ref idref="fl-35"/>
      </object_component>
      <object_component id="oc-2f5">
         <name>.text:usbDisableOutEndpointInterrupt</name>
         <load_address>0x123e0</load_address>
         <run_address>0x123e0</run_address>
         <size>0x34</size>
         <input_file_ref idref="fl-35"/>
      </object_component>
      <object_component id="oc-47e">
         <name>.text:usbGetDeviceStatus</name>
         <load_address>0x12414</load_address>
         <run_address>0x12414</run_address>
         <size>0x32</size>
         <input_file_ref idref="fl-35"/>
      </object_component>
      <object_component id="oc-496">
         <name>.text:usbSetConfiguration</name>
         <load_address>0x12446</load_address>
         <run_address>0x12446</run_address>
         <size>0x32</size>
         <input_file_ref idref="fl-35"/>
      </object_component>
      <object_component id="oc-196">
         <name>.text:USB_suspend</name>
         <load_address>0x12478</load_address>
         <run_address>0x12478</run_address>
         <size>0x30</size>
         <input_file_ref idref="fl-35"/>
      </object_component>
      <object_component id="oc-8b">
         <name>.text:decompress:ZI:__TI_zero_init</name>
         <load_address>0x124a8</load_address>
         <run_address>0x124a8</run_address>
         <size>0x24</size>
         <input_file_ref idref="fl-6a"/>
      </object_component>
      <object_component id="oc-519">
         <name>.text:usbReceiveDataPacketOnEP0</name>
         <load_address>0x124cc</load_address>
         <run_address>0x124cc</run_address>
         <size>0x24</size>
         <input_file_ref idref="fl-35"/>
      </object_component>
      <object_component id="oc-1b6">
         <name>.text:CdcIsReceiveInProgress</name>
         <load_address>0x124f0</load_address>
         <run_address>0x124f0</run_address>
         <size>0x22</size>
         <input_file_ref idref="fl-37"/>
      </object_component>
      <object_component id="oc-12f">
         <name>.text:initButtons</name>
         <load_address>0x12512</load_address>
         <run_address>0x12512</run_address>
         <size>0x22</size>
         <input_file_ref idref="fl-3"/>
      </object_component>
      <object_component id="oc-490">
         <name>.text:usbSetAddress</name>
         <load_address>0x12534</load_address>
         <run_address>0x12534</run_address>
         <size>0x20</size>
         <input_file_ref idref="fl-35"/>
      </object_component>
      <object_component id="oc-4e1">
         <name>.text:DMA_setTransferSize</name>
         <load_address>0x12554</load_address>
         <run_address>0x12554</run_address>
         <size>0x1e</size>
         <input_file_ref idref="fl-d"/>
      </object_component>
      <object_component id="oc-478">
         <name>.text:usbGetInterface</name>
         <load_address>0x12572</load_address>
         <run_address>0x12572</run_address>
         <size>0x1e</size>
         <input_file_ref idref="fl-35"/>
      </object_component>
      <object_component id="oc-484">
         <name>.text:usbGetInterfaceStatus</name>
         <load_address>0x12590</load_address>
         <run_address>0x12590</run_address>
         <size>0x1e</size>
         <input_file_ref idref="fl-35"/>
      </object_component>
      <object_component id="oc-17d">
         <name>.text:IEP0InterruptHandler</name>
         <load_address>0x125ae</load_address>
         <run_address>0x125ae</run_address>
         <size>0x1c</size>
         <input_file_ref idref="fl-2b"/>
      </object_component>
      <object_component id="oc-257">
         <name>.text:USB_connect</name>
         <load_address>0x125ca</load_address>
         <run_address>0x125ca</run_address>
         <size>0x1a</size>
         <input_file_ref idref="fl-35"/>
      </object_component>
      <object_component id="oc-4f9">
         <name>.text:DMA_disableTransfers</name>
         <load_address>0x125e4</load_address>
         <run_address>0x125e4</run_address>
         <size>0x18</size>
         <input_file_ref idref="fl-d"/>
      </object_component>
      <object_component id="oc-4e7">
         <name>.text:DMA_enableTransfers</name>
         <load_address>0x125fc</load_address>
         <run_address>0x125fc</run_address>
         <size>0x18</size>
         <input_file_ref idref="fl-d"/>
      </object_component>
      <object_component id="oc-3d3">
         <name>.text:USBCDC_handleSetLineCoding</name>
         <load_address>0x12614</load_address>
         <run_address>0x12614</run_address>
         <size>0x18</size>
         <input_file_ref idref="fl-2e"/>
      </object_component>
      <object_component id="oc-1a3">
         <name>.text:USB_resume</name>
         <load_address>0x1262c</load_address>
         <run_address>0x1262c</run_address>
         <size>0x18</size>
         <input_file_ref idref="fl-35"/>
      </object_component>
      <object_component id="oc-454">
         <name>.text:usbClearDeviceFeature</name>
         <load_address>0x12644</load_address>
         <run_address>0x12644</run_address>
         <size>0x18</size>
         <input_file_ref idref="fl-35"/>
      </object_component>
      <object_component id="oc-49c">
         <name>.text:usbSetDeviceFeature</name>
         <load_address>0x1265c</load_address>
         <run_address>0x1265c</run_address>
         <size>0x18</size>
         <input_file_ref idref="fl-35"/>
      </object_component>
      <object_component id="oc-4ed">
         <name>.text:DMA_startTransfer</name>
         <load_address>0x12674</load_address>
         <run_address>0x12674</run_address>
         <size>0x16</size>
         <input_file_ref idref="fl-d"/>
      </object_component>
      <object_component id="oc-3de">
         <name>.text:memset</name>
         <load_address>0x1268a</load_address>
         <run_address>0x1268a</run_address>
         <size>0x16</size>
         <input_file_ref idref="fl-88"/>
      </object_component>
      <object_component id="oc-391">
         <name>.text</name>
         <load_address>0x126a0</load_address>
         <run_address>0x126a0</run_address>
         <size>0x16</size>
         <input_file_ref idref="fl-6c"/>
      </object_component>
      <object_component id="oc-2c5">
         <name>.text</name>
         <load_address>0x126b6</load_address>
         <run_address>0x126b6</run_address>
         <size>0x16</size>
         <input_file_ref idref="fl-8a"/>
      </object_component>
      <object_component id="oc-46c">
         <name>.text:usbGetConfigurationDescriptor</name>
         <load_address>0x126cc</load_address>
         <run_address>0x126cc</run_address>
         <size>0x16</size>
         <input_file_ref idref="fl-35"/>
      </object_component>
      <object_component id="oc-466">
         <name>.text:usbGetDeviceDescriptor</name>
         <load_address>0x126e2</load_address>
         <run_address>0x126e2</run_address>
         <size>0x16</size>
         <input_file_ref idref="fl-35"/>
      </object_component>
      <object_component id="oc-4f3">
         <name>.text:DMA_getInterruptStatus</name>
         <load_address>0x126f8</load_address>
         <run_address>0x126f8</run_address>
         <size>0x14</size>
         <input_file_ref idref="fl-d"/>
      </object_component>
      <object_component id="oc-16a">
         <name>.text:USB_handleVbusOnEvent</name>
         <load_address>0x1270c</load_address>
         <run_address>0x1270c</run_address>
         <size>0x14</size>
         <input_file_ref idref="fl-2e"/>
      </object_component>
      <object_component id="oc-d1">
         <name>.text:memcpy</name>
         <load_address>0x12720</load_address>
         <run_address>0x12720</run_address>
         <size>0x14</size>
         <input_file_ref idref="fl-87"/>
      </object_component>
      <object_component id="oc-460">
         <name>.text:usbGetConfiguration</name>
         <load_address>0x12734</load_address>
         <run_address>0x12734</run_address>
         <size>0x14</size>
         <input_file_ref idref="fl-35"/>
      </object_component>
      <object_component id="oc-44e">
         <name>.text:usbSetControlLineState</name>
         <load_address>0x12748</load_address>
         <run_address>0x12748</run_address>
         <size>0x14</size>
         <input_file_ref idref="fl-37"/>
      </object_component>
      <object_component id="oc-85">
         <name>.text:decompress:none:__TI_decompress_none</name>
         <load_address>0x1275c</load_address>
         <run_address>0x1275c</run_address>
         <size>0x12</size>
         <input_file_ref idref="fl-68"/>
      </object_component>
      <object_component id="oc-13b">
         <name>.text:initTimerA</name>
         <load_address>0x1276e</load_address>
         <run_address>0x1276e</run_address>
         <size>0x12</size>
         <input_file_ref idref="fl-3"/>
      </object_component>
      <object_component id="oc-4a8">
         <name>.text:usbSetInterface</name>
         <load_address>0x12780</load_address>
         <run_address>0x12780</run_address>
         <size>0x12</size>
         <input_file_ref idref="fl-35"/>
      </object_component>
      <object_component id="oc-520">
         <name>.text:USBCDC_handleSetControlLineState</name>
         <load_address>0x12792</load_address>
         <run_address>0x12792</run_address>
         <size>0x10</size>
         <input_file_ref idref="fl-2e"/>
      </object_component>
      <object_component id="oc-245">
         <name>.text:USB_setEnabledEvents</name>
         <load_address>0x127a2</load_address>
         <run_address>0x127a2</run_address>
         <size>0x10</size>
         <input_file_ref idref="fl-35"/>
      </object_component>
      <object_component id="oc-4ae">
         <name>.text:usbInvalidRequest</name>
         <load_address>0x127b2</load_address>
         <run_address>0x127b2</run_address>
         <size>0xe</size>
         <input_file_ref idref="fl-35"/>
      </object_component>
      <object_component id="oc-374">
         <name>.text:usbRestoreInEndpointInterrupt</name>
         <load_address>0x127c0</load_address>
         <run_address>0x127c0</run_address>
         <size>0xe</size>
         <input_file_ref idref="fl-35"/>
      </object_component>
      <object_component id="oc-2fb">
         <name>.text:usbRestoreOutEndpointInterrupt</name>
         <load_address>0x127ce</load_address>
         <run_address>0x127ce</run_address>
         <size>0xe</size>
         <input_file_ref idref="fl-35"/>
      </object_component>
      <object_component id="oc-526">
         <name>.text:usbSendZeroLengthPacketOnIEP0</name>
         <load_address>0x127dc</load_address>
         <run_address>0x127dc</run_address>
         <size>0xe</size>
         <input_file_ref idref="fl-35"/>
      </object_component>
      <object_component id="oc-1c3">
         <name>.text:USBCDC_handleDataReceived</name>
         <load_address>0x127ea</load_address>
         <run_address>0x127ea</run_address>
         <size>0xc</size>
         <input_file_ref idref="fl-2e"/>
      </object_component>
      <object_component id="oc-325">
         <name>.text:USBCDC_handleReceiveCompleted</name>
         <load_address>0x127f6</load_address>
         <run_address>0x127f6</run_address>
         <size>0xc</size>
         <input_file_ref idref="fl-2e"/>
      </object_component>
      <object_component id="oc-2d5">
         <name>.text:USBCDC_handleSendCompleted</name>
         <load_address>0x12802</load_address>
         <run_address>0x12802</run_address>
         <size>0xc</size>
         <input_file_ref idref="fl-2e"/>
      </object_component>
      <object_component id="oc-448">
         <name>.text:usbSetLineCoding</name>
         <load_address>0x1280e</load_address>
         <run_address>0x1280e</run_address>
         <size>0xc</size>
         <input_file_ref idref="fl-37"/>
      </object_component>
      <object_component id="oc-ac">
         <name>.text:_system_pre_init</name>
         <load_address>0x1281a</load_address>
         <run_address>0x1281a</run_address>
         <size>0xa</size>
         <input_file_ref idref="fl-5"/>
      </object_component>
      <object_component id="oc-37f">
         <name>.text</name>
         <load_address>0x12824</load_address>
         <run_address>0x12824</run_address>
         <size>0xa</size>
         <input_file_ref idref="fl-83"/>
      </object_component>
      <object_component id="oc-396">
         <name>.text</name>
         <load_address>0x1282e</load_address>
         <run_address>0x1282e</run_address>
         <size>0xa</size>
         <input_file_ref idref="fl-85"/>
      </object_component>
      <object_component id="oc-52e">
         <name>.text:usbStallEndpoint0</name>
         <load_address>0x12838</load_address>
         <run_address>0x12838</run_address>
         <size>0xa</size>
         <input_file_ref idref="fl-35"/>
      </object_component>
      <object_component id="oc-2bb">
         <name>.text:UCS_turnOffXT2</name>
         <load_address>0x12842</load_address>
         <run_address>0x12842</run_address>
         <size>0x8</size>
         <input_file_ref idref="fl-25"/>
      </object_component>
      <object_component id="oc-4c9">
         <name>.text:DMA_disableTransferDuringReadModifyWrite</name>
         <load_address>0x1284a</load_address>
         <run_address>0x1284a</run_address>
         <size>0x6</size>
         <input_file_ref idref="fl-d"/>
      </object_component>
      <object_component id="oc-4db">
         <name>.text:DMA_enableTransferDuringReadModifyWrite</name>
         <load_address>0x12850</load_address>
         <run_address>0x12850</run_address>
         <size>0x6</size>
         <input_file_ref idref="fl-d"/>
      </object_component>
      <object_component id="oc-343">
         <name>.text:USB_getVersion</name>
         <load_address>0x12856</load_address>
         <run_address>0x12856</run_address>
         <size>0x6</size>
         <input_file_ref idref="fl-35"/>
      </object_component>
      <object_component id="oc-9b">
         <name>.text:__TI_ISR_TRAP</name>
         <load_address>0x1285c</load_address>
         <run_address>0x1285c</run_address>
         <size>0x6</size>
         <input_file_ref idref="fl-82"/>
      </object_component>
      <object_component id="oc-91">
         <name>.text:decompress:rle24:__TI_decompress_rle24</name>
         <load_address>0x12862</load_address>
         <run_address>0x12862</run_address>
         <size>0x6</size>
         <input_file_ref idref="fl-69"/>
      </object_component>
      <object_component id="oc-3b6">
         <name>.text:usbClearOEP0ByteCount</name>
         <load_address>0x12868</load_address>
         <run_address>0x12868</run_address>
         <size>0x6</size>
         <input_file_ref idref="fl-35"/>
      </object_component>
      <object_component id="oc-3bd">
         <name>.text:usbStallOEP0</name>
         <load_address>0x1286e</load_address>
         <run_address>0x1286e</run_address>
         <size>0x6</size>
         <input_file_ref idref="fl-35"/>
      </object_component>
      <object_component id="oc-15d">
         <name>.text:USB_handleClockEvent</name>
         <load_address>0x12874</load_address>
         <run_address>0x12874</run_address>
         <size>0x4</size>
         <input_file_ref idref="fl-2e"/>
      </object_component>
      <object_component id="oc-56d">
         <name>.text:USB_handleEnumerationCompleteEvent</name>
         <load_address>0x12878</load_address>
         <run_address>0x12878</run_address>
         <size>0x4</size>
         <input_file_ref idref="fl-2e"/>
      </object_component>
      <object_component id="oc-190">
         <name>.text:USB_handleResetEvent</name>
         <load_address>0x1287c</load_address>
         <run_address>0x1287c</run_address>
         <size>0x4</size>
         <input_file_ref idref="fl-2e"/>
      </object_component>
      <object_component id="oc-1aa">
         <name>.text:USB_handleResumeEvent</name>
         <load_address>0x12880</load_address>
         <run_address>0x12880</run_address>
         <size>0x4</size>
         <input_file_ref idref="fl-2e"/>
      </object_component>
      <object_component id="oc-19d">
         <name>.text:USB_handleSuspendEvent</name>
         <load_address>0x12884</load_address>
         <run_address>0x12884</run_address>
         <size>0x4</size>
         <input_file_ref idref="fl-2e"/>
      </object_component>
      <object_component id="oc-177">
         <name>.text:USB_handleVbusOffEvent</name>
         <load_address>0x12888</load_address>
         <run_address>0x12888</run_address>
         <size>0x4</size>
         <input_file_ref idref="fl-2e"/>
      </object_component>
      <object_component id="oc-be">
         <name>.text:abort</name>
         <load_address>0x1288c</load_address>
         <run_address>0x1288c</run_address>
         <size>0x4</size>
         <input_file_ref idref="fl-6f"/>
      </object_component>
      <object_component id="oc-c5">
         <name>.text:_isr:iUsbInterruptHandler</name>
         <load_address>0x4400</load_address>
         <run_address>0x4400</run_address>
         <size>0x1b0</size>
         <input_file_ref idref="fl-2b"/>
      </object_component>
      <object_component id="oc-a0">
         <name>.text:_isr:Button1_ISR</name>
         <load_address>0x45b0</load_address>
         <run_address>0x45b0</run_address>
         <size>0x44</size>
         <input_file_ref idref="fl-3"/>
      </object_component>
      <object_component id="oc-a6">
         <name>.text:_isr:bcUartISR</name>
         <load_address>0x45f4</load_address>
         <run_address>0x45f4</run_address>
         <size>0x28</size>
         <input_file_ref idref="fl-2"/>
      </object_component>
      <object_component id="oc-72">
         <name>.text:_isr:_c_int00_noexit</name>
         <load_address>0x461c</load_address>
         <run_address>0x461c</run_address>
         <size>0x1a</size>
         <input_file_ref idref="fl-67"/>
      </object_component>
      <object_component id="oc-cb">
         <name>.text:_isr:TimerA_ISR</name>
         <load_address>0x4636</load_address>
         <run_address>0x4636</run_address>
         <size>0x12</size>
         <input_file_ref idref="fl-3"/>
      </object_component>
      <object_component id="oc-607">
         <name>.cinit..data.load</name>
         <load_address>0x4a88</load_address>
         <run_address>0x4a88</run_address>
         <size>0xe</size>
      </object_component>
      <object_component id="oc-604">
         <name>__TI_handler_table</name>
         <load_address>0x4a96</load_address>
         <run_address>0x4a96</run_address>
         <size>0xc</size>
      </object_component>
      <object_component id="oc-606">
         <name>.cinit..bss.load</name>
         <load_address>0x4aa2</load_address>
         <run_address>0x4aa2</run_address>
         <size>0x6</size>
      </object_component>
      <object_component id="oc-605">
         <name>__TI_cinit_table</name>
         <load_address>0x4aa8</load_address>
         <run_address>0x4aa8</run_address>
         <size>0x10</size>
      </object_component>
      <object_component id="oc-141">
         <name>.const:$P$T0$1</name>
         <load_address>0x4648</load_address>
         <run_address>0x4648</run_address>
         <size>0x1e0</size>
         <input_file_ref idref="fl-4"/>
      </object_component>
      <object_component id="oc-387">
         <name>.const:tUsbRequestList</name>
         <load_address>0x4828</load_address>
         <run_address>0x4828</run_address>
         <size>0x10a</size>
         <input_file_ref idref="fl-2c"/>
      </object_component>
      <object_component id="oc-546">
         <name>.const:.string:abromStringDescriptor</name>
         <load_address>0x4932</load_address>
         <run_address>0x4932</run_address>
         <size>0xb6</size>
         <input_file_ref idref="fl-2c"/>
      </object_component>
      <object_component id="oc-53f">
         <name>.const</name>
         <load_address>0x49e8</load_address>
         <run_address>0x49e8</run_address>
         <size>0x43</size>
         <input_file_ref idref="fl-2c"/>
      </object_component>
      <object_component id="oc-1e9">
         <name>.const:GPIO_PORT_TO_BASE</name>
         <load_address>0x4a2c</load_address>
         <run_address>0x4a2c</run_address>
         <size>0x1c</size>
         <input_file_ref idref="fl-13"/>
      </object_component>
      <object_component id="oc-39e">
         <name>.const:.string</name>
         <load_address>0x4a48</load_address>
         <run_address>0x4a48</run_address>
         <size>0x14</size>
         <input_file_ref idref="fl-35"/>
      </object_component>
      <object_component id="oc-53a">
         <name>.const:.string:abromDeviceDescriptor</name>
         <load_address>0x4a5c</load_address>
         <run_address>0x4a5c</run_address>
         <size>0x12</size>
         <input_file_ref idref="fl-2c"/>
      </object_component>
      <object_component id="oc-2b0">
         <name>.const:stUsbHandle</name>
         <load_address>0x4a6e</load_address>
         <run_address>0x4a6e</run_address>
         <size>0x10</size>
         <input_file_ref idref="fl-2c"/>
      </object_component>
      <object_component id="oc-423">
         <name>.const</name>
         <load_address>0x4a7e</load_address>
         <run_address>0x4a7e</run_address>
         <size>0xa</size>
         <input_file_ref idref="fl-36"/>
      </object_component>
      <object_component id="oc-69">
         <name>.int41</name>
         <load_address>0xffd2</load_address>
         <run_address>0xffd2</run_address>
         <size>0x2</size>
         <input_file_ref idref="fl-70"/>
      </object_component>
      <object_component id="oc-6a">
         <name>.int42</name>
         <load_address>0xffd4</load_address>
         <run_address>0xffd4</run_address>
         <size>0x2</size>
         <input_file_ref idref="fl-3"/>
      </object_component>
      <object_component id="oc-6b">
         <name>.int43</name>
         <load_address>0xffd6</load_address>
         <run_address>0xffd6</run_address>
         <size>0x2</size>
         <input_file_ref idref="fl-71"/>
      </object_component>
      <object_component id="oc-6c">
         <name>.int44</name>
         <load_address>0xffd8</load_address>
         <run_address>0xffd8</run_address>
         <size>0x2</size>
         <input_file_ref idref="fl-72"/>
      </object_component>
      <object_component id="oc-6d">
         <name>.int45</name>
         <load_address>0xffda</load_address>
         <run_address>0xffda</run_address>
         <size>0x2</size>
         <input_file_ref idref="fl-73"/>
      </object_component>
      <object_component id="oc-6e">
         <name>.int46</name>
         <load_address>0xffdc</load_address>
         <run_address>0xffdc</run_address>
         <size>0x2</size>
         <input_file_ref idref="fl-2"/>
      </object_component>
      <object_component id="oc-6f">
         <name>.int47</name>
         <load_address>0xffde</load_address>
         <run_address>0xffde</run_address>
         <size>0x2</size>
         <input_file_ref idref="fl-74"/>
      </object_component>
      <object_component id="oc-70">
         <name>.int48</name>
         <load_address>0xffe0</load_address>
         <run_address>0xffe0</run_address>
         <size>0x2</size>
         <input_file_ref idref="fl-75"/>
      </object_component>
      <object_component id="oc-71">
         <name>.int49</name>
         <load_address>0xffe2</load_address>
         <run_address>0xffe2</run_address>
         <size>0x2</size>
         <input_file_ref idref="fl-76"/>
      </object_component>
      <object_component id="oc-78">
         <name>.int50</name>
         <load_address>0xffe4</load_address>
         <run_address>0xffe4</run_address>
         <size>0x2</size>
         <input_file_ref idref="fl-77"/>
      </object_component>
      <object_component id="oc-79">
         <name>.int51</name>
         <load_address>0xffe6</load_address>
         <run_address>0xffe6</run_address>
         <size>0x2</size>
         <input_file_ref idref="fl-2b"/>
      </object_component>
      <object_component id="oc-7a">
         <name>.int52</name>
         <load_address>0xffe8</load_address>
         <run_address>0xffe8</run_address>
         <size>0x2</size>
         <input_file_ref idref="fl-3"/>
      </object_component>
      <object_component id="oc-7b">
         <name>.int53</name>
         <load_address>0xffea</load_address>
         <run_address>0xffea</run_address>
         <size>0x2</size>
         <input_file_ref idref="fl-78"/>
      </object_component>
      <object_component id="oc-7c">
         <name>.int54</name>
         <load_address>0xffec</load_address>
         <run_address>0xffec</run_address>
         <size>0x2</size>
         <input_file_ref idref="fl-79"/>
      </object_component>
      <object_component id="oc-7d">
         <name>.int55</name>
         <load_address>0xffee</load_address>
         <run_address>0xffee</run_address>
         <size>0x2</size>
         <input_file_ref idref="fl-7a"/>
      </object_component>
      <object_component id="oc-7e">
         <name>.int56</name>
         <load_address>0xfff0</load_address>
         <run_address>0xfff0</run_address>
         <size>0x2</size>
         <input_file_ref idref="fl-7b"/>
      </object_component>
      <object_component id="oc-7f">
         <name>.int57</name>
         <load_address>0xfff2</load_address>
         <run_address>0xfff2</run_address>
         <size>0x2</size>
         <input_file_ref idref="fl-7c"/>
      </object_component>
      <object_component id="oc-80">
         <name>.int58</name>
         <load_address>0xfff4</load_address>
         <run_address>0xfff4</run_address>
         <size>0x2</size>
         <input_file_ref idref="fl-7d"/>
      </object_component>
      <object_component id="oc-81">
         <name>.int59</name>
         <load_address>0xfff6</load_address>
         <run_address>0xfff6</run_address>
         <size>0x2</size>
         <input_file_ref idref="fl-7e"/>
      </object_component>
      <object_component id="oc-82">
         <name>.int60</name>
         <load_address>0xfff8</load_address>
         <run_address>0xfff8</run_address>
         <size>0x2</size>
         <input_file_ref idref="fl-7f"/>
      </object_component>
      <object_component id="oc-83">
         <name>.int61</name>
         <load_address>0xfffa</load_address>
         <run_address>0xfffa</run_address>
         <size>0x2</size>
         <input_file_ref idref="fl-80"/>
      </object_component>
      <object_component id="oc-84">
         <name>.int62</name>
         <load_address>0xfffc</load_address>
         <run_address>0xfffc</run_address>
         <size>0x2</size>
         <input_file_ref idref="fl-81"/>
      </object_component>
      <object_component id="oc-9a">
         <name>.reset</name>
         <load_address>0xfffe</load_address>
         <run_address>0xfffe</run_address>
         <size>0x2</size>
         <input_file_ref idref="fl-67"/>
      </object_component>
      <object_component id="oc-116">
         <name>.common:bcUartRcvBuf</name>
         <uninitialized>true</uninitialized>
         <run_address>0x2400</run_address>
         <size>0x80</size>
      </object_component>
      <object_component id="oc-14c">
         <name>.common:buttonFlag</name>
         <uninitialized>true</uninitialized>
         <run_address>0x24fa</run_address>
         <size>0x1</size>
      </object_component>
      <object_component id="oc-56c">
         <name>.common:bConfigurationNumber</name>
         <uninitialized>true</uninitialized>
         <run_address>0x24f6</run_address>
         <size>0x1</size>
      </object_component>
      <object_component id="oc-577">
         <name>.common:bInterfaceNumber</name>
         <uninitialized>true</uninitialized>
         <run_address>0x24f7</run_address>
         <size>0x1</size>
      </object_component>
      <object_component id="oc-589">
         <name>.common:pbIEP0Buffer</name>
         <uninitialized>true</uninitialized>
         <run_address>0x24e8</run_address>
         <size>0x4</size>
      </object_component>
      <object_component id="oc-58d">
         <name>.common:pbOEP0Buffer</name>
         <uninitialized>true</uninitialized>
         <run_address>0x24ec</run_address>
         <size>0x4</size>
      </object_component>
      <object_component id="oc-574">
         <name>.common:bRemoteWakeup</name>
         <uninitialized>true</uninitialized>
         <run_address>0x24f8</run_address>
         <size>0x1</size>
      </object_component>
      <object_component id="oc-592">
         <name>.common:wBytesRemainingOnIEP0</name>
         <uninitialized>true</uninitialized>
         <run_address>0x24f0</run_address>
         <size>0x2</size>
      </object_component>
      <object_component id="oc-58e">
         <name>.common:wBytesRemainingOnOEP0</name>
         <uninitialized>true</uninitialized>
         <run_address>0x24f2</run_address>
         <size>0x2</size>
      </object_component>
      <object_component id="oc-568">
         <name>.common:abUsbRequestReturnData</name>
         <uninitialized>true</uninitialized>
         <run_address>0x24d8</run_address>
         <size>0x8</size>
      </object_component>
      <object_component id="oc-518">
         <name>.common:abUsbRequestIncomingData</name>
         <uninitialized>true</uninitialized>
         <run_address>0x24d0</run_address>
         <size>0x8</size>
      </object_component>
      <object_component id="oc-545">
         <name>.common:abramSerialStringDescriptor</name>
         <uninitialized>true</uninitialized>
         <run_address>0x2480</run_address>
         <size>0x22</size>
      </object_component>
      <object_component id="oc-593">
         <name>.common:bStatusAction</name>
         <uninitialized>true</uninitialized>
         <run_address>0x24f9</run_address>
         <size>0x1</size>
      </object_component>
      <object_component id="oc-357">
         <name>.common:wUsbEventMask</name>
         <uninitialized>true</uninitialized>
         <run_address>0x24f4</run_address>
         <size>0x2</size>
      </object_component>
      <object_component id="oc-43a">
         <name>.common:USB_TX_memcpy</name>
         <uninitialized>true</uninitialized>
         <run_address>0x24e4</run_address>
         <size>0x4</size>
      </object_component>
      <object_component id="oc-43b">
         <name>.common:USB_RX_memcpy</name>
         <uninitialized>true</uninitialized>
         <run_address>0x24e0</run_address>
         <size>0x4</size>
      </object_component>
      <object_component id="oc-50d">
         <name>.common:CdcControl</name>
         <uninitialized>true</uninitialized>
         <run_address>0x24c8</run_address>
         <size>0x8</size>
      </object_component>
      <object_component id="oc-3dd">
         <name>.common:CdcWriteCtrl</name>
         <uninitialized>true</uninitialized>
         <run_address>0x24bc</run_address>
         <size>0xc</size>
      </object_component>
      <object_component id="oc-408">
         <name>.common:CdcReadCtrl</name>
         <uninitialized>true</uninitialized>
         <run_address>0x24a2</run_address>
         <size>0x1a</size>
      </object_component>
      <object_component id="oc-113">
         <name>.data</name>
         <load_address>0x2504</load_address>
         <run_address>0x2504</run_address>
         <size>0x3</size>
         <input_file_ref idref="fl-2"/>
      </object_component>
      <object_component id="oc-28e">
         <name>.data</name>
         <load_address>0x24fc</load_address>
         <run_address>0x24fc</run_address>
         <size>0x8</size>
         <input_file_ref idref="fl-35"/>
      </object_component>
      <object_component id="oc-73">
         <name>.debug_aranges</name>
         <load_address>0x0</load_address>
         <run_address>0x0</run_address>
         <size>0x20</size>
         <input_file_ref idref="fl-67"/>
      </object_component>
      <object_component id="oc-88">
         <name>.debug_aranges</name>
         <load_address>0x20</load_address>
         <run_address>0x20</run_address>
         <size>0x20</size>
         <input_file_ref idref="fl-68"/>
      </object_component>
      <object_component id="oc-8e">
         <name>.debug_aranges</name>
         <load_address>0x40</load_address>
         <run_address>0x40</run_address>
         <size>0x20</size>
         <input_file_ref idref="fl-6a"/>
      </object_component>
      <object_component id="oc-94">
         <name>.debug_aranges</name>
         <load_address>0x60</load_address>
         <run_address>0x60</run_address>
         <size>0x20</size>
         <input_file_ref idref="fl-69"/>
      </object_component>
      <object_component id="oc-9d">
         <name>.debug_aranges</name>
         <load_address>0x80</load_address>
         <run_address>0x80</run_address>
         <size>0x20</size>
         <input_file_ref idref="fl-82"/>
      </object_component>
      <object_component id="oc-a2">
         <name>.debug_aranges</name>
         <load_address>0xa0</load_address>
         <run_address>0xa0</run_address>
         <size>0x20</size>
         <input_file_ref idref="fl-3"/>
      </object_component>
      <object_component id="oc-a8">
         <name>.debug_aranges</name>
         <load_address>0xc0</load_address>
         <run_address>0xc0</run_address>
         <size>0x20</size>
         <input_file_ref idref="fl-2"/>
      </object_component>
      <object_component id="oc-ae">
         <name>.debug_aranges</name>
         <load_address>0xe0</load_address>
         <run_address>0xe0</run_address>
         <size>0x20</size>
         <input_file_ref idref="fl-5"/>
      </object_component>
      <object_component id="oc-b6">
         <name>.debug_aranges</name>
         <load_address>0x100</load_address>
         <run_address>0x100</run_address>
         <size>0x20</size>
         <input_file_ref idref="fl-8e"/>
      </object_component>
      <object_component id="oc-ba">
         <name>.debug_aranges</name>
         <load_address>0x120</load_address>
         <run_address>0x120</run_address>
         <size>0x20</size>
         <input_file_ref idref="fl-4"/>
      </object_component>
      <object_component id="oc-c0">
         <name>.debug_aranges</name>
         <load_address>0x140</load_address>
         <run_address>0x140</run_address>
         <size>0x20</size>
         <input_file_ref idref="fl-6f"/>
      </object_component>
      <object_component id="oc-c7">
         <name>.debug_aranges</name>
         <load_address>0x160</load_address>
         <run_address>0x160</run_address>
         <size>0x20</size>
         <input_file_ref idref="fl-2b"/>
      </object_component>
      <object_component id="oc-cd">
         <name>.debug_aranges</name>
         <load_address>0x180</load_address>
         <run_address>0x180</run_address>
         <size>0x20</size>
         <input_file_ref idref="fl-3"/>
      </object_component>
      <object_component id="oc-d3">
         <name>.debug_aranges</name>
         <load_address>0x1a0</load_address>
         <run_address>0x1a0</run_address>
         <size>0x20</size>
         <input_file_ref idref="fl-87"/>
      </object_component>
      <object_component id="oc-e6">
         <name>.debug_aranges</name>
         <load_address>0x1c0</load_address>
         <run_address>0x1c0</run_address>
         <size>0x20</size>
         <input_file_ref idref="fl-69"/>
      </object_component>
      <object_component id="oc-fc">
         <name>.debug_aranges</name>
         <load_address>0x1e0</load_address>
         <run_address>0x1e0</run_address>
         <size>0x20</size>
         <input_file_ref idref="fl-13"/>
      </object_component>
      <object_component id="oc-102">
         <name>.debug_aranges</name>
         <load_address>0x200</load_address>
         <run_address>0x200</run_address>
         <size>0x20</size>
         <input_file_ref idref="fl-13"/>
      </object_component>
      <object_component id="oc-11f">
         <name>.debug_aranges</name>
         <load_address>0x220</load_address>
         <run_address>0x220</run_address>
         <size>0x20</size>
         <input_file_ref idref="fl-17"/>
      </object_component>
      <object_component id="oc-125">
         <name>.debug_aranges</name>
         <load_address>0x240</load_address>
         <run_address>0x240</run_address>
         <size>0x20</size>
         <input_file_ref idref="fl-3"/>
      </object_component>
      <object_component id="oc-12b">
         <name>.debug_aranges</name>
         <load_address>0x260</load_address>
         <run_address>0x260</run_address>
         <size>0x20</size>
         <input_file_ref idref="fl-3"/>
      </object_component>
      <object_component id="oc-131">
         <name>.debug_aranges</name>
         <load_address>0x280</load_address>
         <run_address>0x280</run_address>
         <size>0x20</size>
         <input_file_ref idref="fl-3"/>
      </object_component>
      <object_component id="oc-137">
         <name>.debug_aranges</name>
         <load_address>0x2a0</load_address>
         <run_address>0x2a0</run_address>
         <size>0x20</size>
         <input_file_ref idref="fl-35"/>
      </object_component>
      <object_component id="oc-13d">
         <name>.debug_aranges</name>
         <load_address>0x2c0</load_address>
         <run_address>0x2c0</run_address>
         <size>0x20</size>
         <input_file_ref idref="fl-3"/>
      </object_component>
      <object_component id="oc-148">
         <name>.debug_aranges</name>
         <load_address>0x2e0</load_address>
         <run_address>0x2e0</run_address>
         <size>0x20</size>
         <input_file_ref idref="fl-2d"/>
      </object_component>
      <object_component id="oc-156">
         <name>.debug_aranges</name>
         <load_address>0x300</load_address>
         <run_address>0x300</run_address>
         <size>0x20</size>
         <input_file_ref idref="fl-2b"/>
      </object_component>
      <object_component id="oc-15f">
         <name>.debug_aranges</name>
         <load_address>0x320</load_address>
         <run_address>0x320</run_address>
         <size>0x20</size>
         <input_file_ref idref="fl-2e"/>
      </object_component>
      <object_component id="oc-165">
         <name>.debug_aranges</name>
         <load_address>0x340</load_address>
         <run_address>0x340</run_address>
         <size>0x20</size>
         <input_file_ref idref="fl-2b"/>
      </object_component>
      <object_component id="oc-16c">
         <name>.debug_aranges</name>
         <load_address>0x360</load_address>
         <run_address>0x360</run_address>
         <size>0x20</size>
         <input_file_ref idref="fl-2e"/>
      </object_component>
      <object_component id="oc-172">
         <name>.debug_aranges</name>
         <load_address>0x380</load_address>
         <run_address>0x380</run_address>
         <size>0x20</size>
         <input_file_ref idref="fl-2b"/>
      </object_component>
      <object_component id="oc-179">
         <name>.debug_aranges</name>
         <load_address>0x3a0</load_address>
         <run_address>0x3a0</run_address>
         <size>0x20</size>
         <input_file_ref idref="fl-2e"/>
      </object_component>
      <object_component id="oc-17f">
         <name>.debug_aranges</name>
         <load_address>0x3c0</load_address>
         <run_address>0x3c0</run_address>
         <size>0x20</size>
         <input_file_ref idref="fl-2b"/>
      </object_component>
      <object_component id="oc-185">
         <name>.debug_aranges</name>
         <load_address>0x3e0</load_address>
         <run_address>0x3e0</run_address>
         <size>0x20</size>
         <input_file_ref idref="fl-2b"/>
      </object_component>
      <object_component id="oc-18b">
         <name>.debug_aranges</name>
         <load_address>0x400</load_address>
         <run_address>0x400</run_address>
         <size>0x20</size>
         <input_file_ref idref="fl-35"/>
      </object_component>
      <object_component id="oc-192">
         <name>.debug_aranges</name>
         <load_address>0x420</load_address>
         <run_address>0x420</run_address>
         <size>0x20</size>
         <input_file_ref idref="fl-2e"/>
      </object_component>
      <object_component id="oc-198">
         <name>.debug_aranges</name>
         <load_address>0x440</load_address>
         <run_address>0x440</run_address>
         <size>0x20</size>
         <input_file_ref idref="fl-35"/>
      </object_component>
      <object_component id="oc-19f">
         <name>.debug_aranges</name>
         <load_address>0x460</load_address>
         <run_address>0x460</run_address>
         <size>0x20</size>
         <input_file_ref idref="fl-2e"/>
      </object_component>
      <object_component id="oc-1a5">
         <name>.debug_aranges</name>
         <load_address>0x480</load_address>
         <run_address>0x480</run_address>
         <size>0x20</size>
         <input_file_ref idref="fl-35"/>
      </object_component>
      <object_component id="oc-1ac">
         <name>.debug_aranges</name>
         <load_address>0x4a0</load_address>
         <run_address>0x4a0</run_address>
         <size>0x20</size>
         <input_file_ref idref="fl-2e"/>
      </object_component>
      <object_component id="oc-1b2">
         <name>.debug_aranges</name>
         <load_address>0x4c0</load_address>
         <run_address>0x4c0</run_address>
         <size>0x20</size>
         <input_file_ref idref="fl-37"/>
      </object_component>
      <object_component id="oc-1b8">
         <name>.debug_aranges</name>
         <load_address>0x4e0</load_address>
         <run_address>0x4e0</run_address>
         <size>0x20</size>
         <input_file_ref idref="fl-37"/>
      </object_component>
      <object_component id="oc-1be">
         <name>.debug_aranges</name>
         <load_address>0x500</load_address>
         <run_address>0x500</run_address>
         <size>0x20</size>
         <input_file_ref idref="fl-37"/>
      </object_component>
      <object_component id="oc-1c5">
         <name>.debug_aranges</name>
         <load_address>0x520</load_address>
         <run_address>0x520</run_address>
         <size>0x20</size>
         <input_file_ref idref="fl-2e"/>
      </object_component>
      <object_component id="oc-1cb">
         <name>.debug_aranges</name>
         <load_address>0x540</load_address>
         <run_address>0x540</run_address>
         <size>0x20</size>
         <input_file_ref idref="fl-37"/>
      </object_component>
      <object_component id="oc-209">
         <name>.debug_aranges</name>
         <load_address>0x560</load_address>
         <run_address>0x560</run_address>
         <size>0x20</size>
         <input_file_ref idref="fl-17"/>
      </object_component>
      <object_component id="oc-20f">
         <name>.debug_aranges</name>
         <load_address>0x580</load_address>
         <run_address>0x580</run_address>
         <size>0x20</size>
         <input_file_ref idref="fl-17"/>
      </object_component>
      <object_component id="oc-217">
         <name>.debug_aranges</name>
         <load_address>0x5a0</load_address>
         <run_address>0x5a0</run_address>
         <size>0x20</size>
         <input_file_ref idref="fl-25"/>
      </object_component>
      <object_component id="oc-21d">
         <name>.debug_aranges</name>
         <load_address>0x5c0</load_address>
         <run_address>0x5c0</run_address>
         <size>0x20</size>
         <input_file_ref idref="fl-6e"/>
      </object_component>
      <object_component id="oc-222">
         <name>.debug_aranges</name>
         <load_address>0x5e0</load_address>
         <run_address>0x5e0</run_address>
         <size>0x20</size>
         <input_file_ref idref="fl-86"/>
      </object_component>
      <object_component id="oc-227">
         <name>.debug_aranges</name>
[...]
         <object_component_ref idref="oc-251"/>
      </symbol>
      <symbol id="sm-800">
         <name>USB_init</name>
         <value>0x1136c</value>
         <object_component_ref idref="oc-23f"/>
      </symbol>
      <symbol id="sm-801">
         <name>usbDisableOutEndpointInterrupt</name>
         <value>0x123e0</value>
         <object_component_ref idref="oc-2f5"/>
      </symbol>
      <symbol id="sm-802">
         <name>usbSetAddress</name>
         <value>0x12534</value>
         <object_component_ref idref="oc-490"/>
      </symbol>
      <symbol id="sm-803">
         <name>usbRestoreInEndpointInterrupt</name>
         <value>0x127c0</value>
         <object_component_ref idref="oc-374"/>
      </symbol>
      <symbol id="sm-804">
         <name>usbGetEndpointStatus</name>
         <value>0x114bc</value>
         <object_component_ref idref="oc-48a"/>
      </symbol>
      <symbol id="sm-805">
         <name>usbGetDeviceDescriptor</name>
         <value>0x126e2</value>
         <object_component_ref idref="oc-466"/>
      </symbol>
      <symbol id="sm-806">
         <name>usbRestoreOutEndpointInterrupt</name>
         <value>0x127ce</value>
         <object_component_ref idref="oc-2fb"/>
      </symbol>
      <symbol id="sm-807">
         <name>usbSetInterface</name>
         <value>0x12780</value>
         <object_component_ref idref="oc-4a8"/>
      </symbol>
      <symbol id="sm-808">
         <name>usbReceiveNextPacketOnOEP0</name>
         <value>0x11c46</value>
         <object_component_ref idref="oc-29c"/>
      </symbol>
      <symbol id="sm-809">
         <name>USB_suspend</name>
         <value>0x12478</value>
         <object_component_ref idref="oc-196"/>
      </symbol>
      <symbol id="sm-80a">
         <name>usbSendNextPacketOnIEP0</name>
         <value>0x1183a</value>
         <object_component_ref idref="oc-294"/>
      </symbol>
      <symbol id="sm-80b">
         <name>usbGetStringDescriptor</name>
         <value>0x11934</value>
         <object_component_ref idref="oc-472"/>
      </symbol>
      <symbol id="sm-80c">
         <name>USB_determineFreq</name>
         <value>0x10896</value>
         <object_component_ref idref="oc-285"/>
      </symbol>
      <symbol id="sm-80d">
         <name>usbSendZeroLengthPacketOnIEP0</name>
         <value>0x127dc</value>
         <object_component_ref idref="oc-526"/>
      </symbol>
      <symbol id="sm-80e">
         <name>usbClearDeviceFeature</name>
         <value>0x12644</value>
         <object_component_ref idref="oc-454"/>
      </symbol>
      <symbol id="sm-80f">
         <name>USB_InitSerialStringDescriptor</name>
         <value>0x10752</value>
         <object_component_ref idref="oc-34a"/>
      </symbol>
      <symbol id="sm-810">
         <name>usbSetConfiguration</name>
         <value>0x12446</value>
         <object_component_ref idref="oc-496"/>
      </symbol>
      <symbol id="sm-811">
         <name>USB_resume</name>
         <value>0x1262c</value>
         <object_component_ref idref="oc-1a3"/>
      </symbol>
      <symbol id="sm-812">
         <name>usbSendDataPacketOnEP0</name>
         <value>0x12374</value>
         <object_component_ref idref="oc-511"/>
      </symbol>
      <symbol id="sm-813">
         <name>usbGetConfiguration</name>
         <value>0x12734</value>
         <object_component_ref idref="oc-460"/>
      </symbol>
      <symbol id="sm-814">
         <name>usbStallOEP0</name>
         <value>0x1286e</value>
         <object_component_ref idref="oc-3bd"/>
      </symbol>
      <symbol id="sm-815">
         <name>usbGetConfigurationDescriptor</name>
         <value>0x126cc</value>
         <object_component_ref idref="oc-46c"/>
      </symbol>
      <symbol id="sm-816">
         <name>usbClearEndpointFeature</name>
         <value>0x11f24</value>
         <object_component_ref idref="oc-45a"/>
      </symbol>
      <symbol id="sm-817">
         <name>bFunctionSuspended</name>
         <value>0x24fd</value>
         <object_component_ref idref="oc-28e"/>
      </symbol>
      <symbol id="sm-818">
         <name>VERSION</name>
         <value>0x2500</value>
         <object_component_ref idref="oc-28e"/>
      </symbol>
      <symbol id="sm-819">
         <name>usbDecodeAndProcessUsbRequest</name>
         <value>0x10f48</value>
         <object_component_ref idref="oc-271"/>
      </symbol>
      <symbol id="sm-81a">
         <name>bEnumerationStatus</name>
         <value>0x24fe</value>
         <object_component_ref idref="oc-28e"/>
      </symbol>
      <symbol id="sm-81b">
         <name>usbClearOEP0ByteCount</name>
         <value>0x12868</value>
         <object_component_ref idref="oc-3b6"/>
      </symbol>
      <symbol id="sm-81c">
         <name>usbSetDeviceFeature</name>
         <value>0x1265c</value>
         <object_component_ref idref="oc-49c"/>
      </symbol>
      <symbol id="sm-81d">
         <name>usbInvalidRequest</name>
         <value>0x127b2</value>
         <object_component_ref idref="oc-4ae"/>
      </symbol>
      <symbol id="sm-81e">
         <name>USB_setEnabledEvents</name>
         <value>0x127a2</value>
         <object_component_ref idref="oc-245"/>
      </symbol>
      <symbol id="sm-81f">
         <name>USB_reset</name>
         <value>0x1057a</value>
         <object_component_ref idref="oc-189"/>
      </symbol>
      <symbol id="sm-820">
         <name>usbStallEndpoint0</name>
         <value>0x12838</value>
         <object_component_ref idref="oc-52e"/>
      </symbol>
      <symbol id="sm-821">
         <name>USB_connect</name>
         <value>0x125ca</value>
         <object_component_ref idref="oc-257"/>
      </symbol>
      <symbol id="sm-822">
         <name>usbGetDeviceStatus</name>
         <value>0x12414</value>
         <object_component_ref idref="oc-47e"/>
      </symbol>
      <symbol id="sm-823">
         <name>usbDisableInEndpointInterrupt</name>
         <value>0x123ac</value>
         <object_component_ref idref="oc-368"/>
      </symbol>
      <symbol id="sm-848">
         <name>USB_TX_memcpy</name>
         <value>0x24e4</value>
      </symbol>
      <symbol id="sm-849">
         <name>USB_RX_memcpy</name>
         <value>0x24e0</value>
      </symbol>
      <symbol id="sm-84a">
         <name>USB_initMemcpy</name>
         <value>0x11d6e</value>
         <object_component_ref idref="oc-350"/>
      </symbol>
      <symbol id="sm-84b">
         <name>memcpyDMA</name>
         <value>0x118ba</value>
         <object_component_ref idref="oc-434"/>
      </symbol>
      <symbol id="sm-84c">
         <name>memcpyV</name>
         <value>0x11dca</value>
         <object_component_ref idref="oc-426"/>
      </symbol>
      <symbol id="sm-8dd">
         <name>Handler_SetLineCoding</name>
         <value>0x11a22</value>
         <object_component_ref idref="oc-2a3"/>
      </symbol>
      <symbol id="sm-8de">
         <name>usbSetControlLineState</name>
         <value>0x12748</value>
         <object_component_ref idref="oc-44e"/>
      </symbol>
      <symbol id="sm-8df">
         <name>CdcToBufferFromHost</name>
         <value>0x1031a</value>
         <object_component_ref idref="oc-1c9"/>
      </symbol>
      <symbol id="sm-8e0">
         <name>USBCDC_getBytesInUSBBuffer</name>
         <value>0x11042</value>
         <object_component_ref idref="oc-1bc"/>
      </symbol>
      <symbol id="sm-8e1">
         <name>CdcIsReceiveInProgress</name>
         <value>0x124f0</value>
         <object_component_ref idref="oc-1b6"/>
      </symbol>
      <symbol id="sm-8e2">
         <name>CdcResetData</name>
         <value>0x12062</value>
         <object_component_ref idref="oc-2b3"/>
      </symbol>
      <symbol id="sm-8e3">
         <name>usbGetLineCoding</name>
         <value>0x1172a</value>
         <object_component_ref idref="oc-442"/>
      </symbol>
      <symbol id="sm-8e4">
         <name>USBCDC_getInterfaceStatus</name>
         <value>0x10c32</value>
         <object_component_ref idref="oc-261"/>
      </symbol>
      <symbol id="sm-8e5">
         <name>usbSetLineCoding</name>
         <value>0x1280e</value>
         <object_component_ref idref="oc-448"/>
      </symbol>
      <symbol id="sm-8e6">
         <name>CdcToHostFromBuffer</name>
         <value>0x10000</value>
         <object_component_ref idref="oc-1b0"/>
      </symbol>
      <symbol id="sm-8e7">
         <name>USBCDC_sendData</name>
         <value>0x111ea</value>
         <object_component_ref idref="oc-267"/>
      </symbol>
      <symbol id="sm-8e8">
         <name>CopyUsbToBuff</name>
         <value>0x109ce</value>
         <object_component_ref idref="oc-315"/>
      </symbol>
      <symbol id="sm-8f8">
         <name>_c_int00_noexit</name>
         <value>0x461c</value>
         <object_component_ref idref="oc-72"/>
      </symbol>
      <symbol id="sm-8f9">
         <name>_c_int00</name>
         <value>0x461c</value>
         <object_component_ref idref="oc-72"/>
      </symbol>
      <symbol id="sm-8fa">
         <name>_stack</name>
         <value>0x4360</value>
         <object_component_ref idref="oc-97"/>
      </symbol>
      <symbol id="sm-8fb">
         <name>_reset_vector</name>
         <value>0xfffe</value>
         <object_component_ref idref="oc-9a"/>
      </symbol>
      <symbol id="sm-911">
         <name>__TI_decompress_none</name>
         <value>0x1275c</value>
         <object_component_ref idref="oc-85"/>
      </symbol>
      <symbol id="sm-933">
         <name>__TI_decompress_rle24</name>
         <value>0x12862</value>
         <object_component_ref idref="oc-91"/>
      </symbol>
      <symbol id="sm-946">
         <name>__TI_zero_init</name>
         <value>0x124a8</value>
         <object_component_ref idref="oc-8b"/>
      </symbol>
      <symbol id="sm-951">
         <name>__mspabi_remu</name>
         <value>0x126a0</value>
         <object_component_ref idref="oc-391"/>
      </symbol>
      <symbol id="sm-952">
         <name>__mspabi_divu</name>
         <value>0x126a0</value>
         <object_component_ref idref="oc-391"/>
      </symbol>
      <symbol id="sm-961">
         <name>__mspabi_remul</name>
         <value>0x11e22</value>
         <object_component_ref idref="oc-21b"/>
      </symbol>
      <symbol id="sm-962">
         <name>__mspabi_divul</name>
         <value>0x11e22</value>
         <object_component_ref idref="oc-21b"/>
      </symbol>
      <symbol id="sm-96c">
         <name>C$$EXIT</name>
         <value>0x1288c</value>
         <object_component_ref idref="oc-be"/>
      </symbol>
      <symbol id="sm-96d">
         <name>abort</name>
         <value>0x1288c</value>
         <object_component_ref idref="oc-be"/>
      </symbol>
      <symbol id="sm-970">
         <name>__TI_int41</name>
         <value>0xffd2</value>
         <object_component_ref idref="oc-69"/>
      </symbol>
      <symbol id="sm-973">
         <name>__TI_int43</name>
         <value>0xffd6</value>
         <object_component_ref idref="oc-6b"/>
      </symbol>
      <symbol id="sm-976">
         <name>__TI_int44</name>
         <value>0xffd8</value>
         <object_component_ref idref="oc-6c"/>
      </symbol>
      <symbol id="sm-979">
         <name>__TI_int45</name>
         <value>0xffda</value>
         <object_component_ref idref="oc-6d"/>
      </symbol>
      <symbol id="sm-97c">
         <name>__TI_int47</name>
         <value>0xffde</value>
         <object_component_ref idref="oc-6f"/>
      </symbol>
      <symbol id="sm-97f">
         <name>__TI_int48</name>
         <value>0xffe0</value>
         <object_component_ref idref="oc-70"/>
      </symbol>
      <symbol id="sm-982">
         <name>__TI_int49</name>
         <value>0xffe2</value>
         <object_component_ref idref="oc-71"/>
      </symbol>
      <symbol id="sm-985">
         <name>__TI_int50</name>
         <value>0xffe4</value>
         <object_component_ref idref="oc-78"/>
      </symbol>
      <symbol id="sm-988">
         <name>__TI_int53</name>
         <value>0xffea</value>
         <object_component_ref idref="oc-7b"/>
      </symbol>
      <symbol id="sm-98b">
         <name>__TI_int54</name>
         <value>0xffec</value>
         <object_component_ref idref="oc-7c"/>
      </symbol>
      <symbol id="sm-98e">
         <name>__TI_int55</name>
         <value>0xffee</value>
         <object_component_ref idref="oc-7d"/>
      </symbol>
      <symbol id="sm-991">
         <name>__TI_int56</name>
         <value>0xfff0</value>
         <object_component_ref idref="oc-7e"/>
      </symbol>
      <symbol id="sm-994">
         <name>__TI_int57</name>
         <value>0xfff2</value>
         <object_component_ref idref="oc-7f"/>
      </symbol>
      <symbol id="sm-997">
         <name>__TI_int58</name>
         <value>0xfff4</value>
         <object_component_ref idref="oc-80"/>
      </symbol>
      <symbol id="sm-99a">
         <name>__TI_int59</name>
         <value>0xfff6</value>
         <object_component_ref idref="oc-81"/>
      </symbol>
      <symbol id="sm-99d">
         <name>__TI_int60</name>
         <value>0xfff8</value>
         <object_component_ref idref="oc-82"/>
      </symbol>
      <symbol id="sm-9a0">
         <name>__TI_int61</name>
         <value>0xfffa</value>
         <object_component_ref idref="oc-83"/>
      </symbol>
      <symbol id="sm-9a3">
         <name>__TI_int62</name>
         <value>0xfffc</value>
         <object_component_ref idref="oc-84"/>
      </symbol>
      <symbol id="sm-9ab">
         <name>__TI_ISR_TRAP</name>
         <value>0x1285c</value>
         <object_component_ref idref="oc-9b"/>
      </symbol>
      <symbol id="sm-9b4">
         <name>__mspabi_slli</name>
         <value>0x12824</value>
         <object_component_ref idref="oc-37f"/>
      </symbol>
      <symbol id="sm-9bc">
         <name>__mspabi_slll_9</name>
         <value>0x12298</value>
         <object_component_ref idref="oc-3c7"/>
      </symbol>
      <symbol id="sm-9bd">
         <name>__mspabi_slll_8</name>
         <value>0x1229c</value>
         <object_component_ref idref="oc-3c7"/>
      </symbol>
      <symbol id="sm-9be">
         <name>__mspabi_slll_7</name>
         <value>0x122a0</value>
         <object_component_ref idref="oc-3c7"/>
      </symbol>
      <symbol id="sm-9bf">
         <name>__mspabi_slll_6</name>
         <value>0x122a4</value>
         <object_component_ref idref="oc-3c7"/>
      </symbol>
      <symbol id="sm-9c0">
         <name>__mspabi_slll_5</name>
         <value>0x122a8</value>
         <object_component_ref idref="oc-3c7"/>
      </symbol>
      <symbol id="sm-9c1">
         <name>__mspabi_slll_4</name>
         <value>0x122ac</value>
         <object_component_ref idref="oc-3c7"/>
      </symbol>
      <symbol id="sm-9c2">
         <name>__mspabi_slll_3</name>
         <value>0x122b0</value>
         <object_component_ref idref="oc-3c7"/>
      </symbol>
      <symbol id="sm-9c3">
         <name>__mspabi_slll_2</name>
         <value>0x122b4</value>
         <object_component_ref idref="oc-3c7"/>
      </symbol>
      <symbol id="sm-9c4">
         <name>__mspabi_slll_1</name>
         <value>0x122b8</value>
         <object_component_ref idref="oc-3c7"/>
      </symbol>
      <symbol id="sm-9c5">
         <name>__mspabi_slll_15</name>
         <value>0x12280</value>
         <object_component_ref idref="oc-3c7"/>
      </symbol>
      <symbol id="sm-9c6">
         <name>__mspabi_slll_14</name>
         <value>0x12284</value>
         <object_component_ref idref="oc-3c7"/>
      </symbol>
      <symbol id="sm-9c7">
         <name>__mspabi_slll_13</name>
         <value>0x12288</value>
         <object_component_ref idref="oc-3c7"/>
      </symbol>
      <symbol id="sm-9c8">
         <name>__mspabi_slll_12</name>
         <value>0x1228c</value>
         <object_component_ref idref="oc-3c7"/>
      </symbol>
      <symbol id="sm-9c9">
         <name>__mspabi_slll_11</name>
         <value>0x12290</value>
         <object_component_ref idref="oc-3c7"/>
      </symbol>
      <symbol id="sm-9ca">
         <name>__mspabi_slll_10</name>
         <value>0x12294</value>
         <object_component_ref idref="oc-3c7"/>
      </symbol>
      <symbol id="sm-9d3">
         <name>__mspabi_srli</name>
         <value>0x1282e</value>
         <object_component_ref idref="oc-396"/>
      </symbol>
      <symbol id="sm-9db">
         <name>__mspabi_srll_8</name>
         <value>0x122da</value>
         <object_component_ref idref="oc-220"/>
      </symbol>
      <symbol id="sm-9dc">
         <name>__mspabi_srll_9</name>
         <value>0x122d6</value>
         <object_component_ref idref="oc-220"/>
      </symbol>
      <symbol id="sm-9dd">
         <name>__mspabi_srll_6</name>
         <value>0x122e2</value>
         <object_component_ref idref="oc-220"/>
      </symbol>
      <symbol id="sm-9de">
         <name>__mspabi_srll_7</name>
         <value>0x122de</value>
         <object_component_ref idref="oc-220"/>
      </symbol>
      <symbol id="sm-9df">
         <name>__mspabi_srll_4</name>
         <value>0x122ea</value>
         <object_component_ref idref="oc-220"/>
      </symbol>
      <symbol id="sm-9e0">
         <name>__mspabi_srll_5</name>
         <value>0x122e6</value>
         <object_component_ref idref="oc-220"/>
      </symbol>
      <symbol id="sm-9e1">
         <name>__mspabi_srll_2</name>
         <value>0x122f2</value>
         <object_component_ref idref="oc-220"/>
      </symbol>
      <symbol id="sm-9e2">
         <name>__mspabi_srll_3</name>
         <value>0x122ee</value>
         <object_component_ref idref="oc-220"/>
      </symbol>
      <symbol id="sm-9e3">
         <name>__mspabi_srll_1</name>
         <value>0x122f6</value>
         <object_component_ref idref="oc-220"/>
      </symbol>
      <symbol id="sm-9e4">
         <name>__mspabi_srll_15</name>
         <value>0x122be</value>
         <object_component_ref idref="oc-220"/>
      </symbol>
      <symbol id="sm-9e5">
         <name>__mspabi_srll_14</name>
         <value>0x122c2</value>
         <object_component_ref idref="oc-220"/>
      </symbol>
      <symbol id="sm-9e6">
         <name>__mspabi_srll_13</name>
         <value>0x122c6</value>
         <object_component_ref idref="oc-220"/>
      </symbol>
      <symbol id="sm-9e7">
         <name>__mspabi_srll_12</name>
         <value>0x122ca</value>
         <object_component_ref idref="oc-220"/>
      </symbol>
      <symbol id="sm-9e8">
         <name>__mspabi_srll_11</name>
         <value>0x122ce</value>
         <object_component_ref idref="oc-220"/>
      </symbol>
      <symbol id="sm-9e9">
         <name>__mspabi_srll_10</name>
         <value>0x122d2</value>
         <object_component_ref idref="oc-220"/>
      </symbol>
      <symbol id="sm-9f7">
         <name>memcpy</name>
         <value>0x12720</value>
         <object_component_ref idref="oc-d1"/>
      </symbol>
      <symbol id="sm-a05">
         <name>memset</name>
         <value>0x1268a</value>
         <object_component_ref idref="oc-3de"/>
      </symbol>
      <symbol id="sm-a0e">
         <name>__mspabi_mpyi_f5hw</name>
         <value>0x126b6</value>
         <object_component_ref idref="oc-2c5"/>
      </symbol>
      <symbol id="sm-a28">
         <name>_auto_init_hold_wdt</name>
         <value>0x11b02</value>
         <object_component_ref idref="oc-b2"/>
      </symbol>
      <symbol id="sm-a29">
         <name>__TI_exit</name>
         <value>0x1</value>
      </symbol>
      <symbol id="sm-a2a">
         <name>__TI_args_main</name>
         <value>0x1</value>
      </symbol>
      <symbol id="sm-a2b">
         <name>__TI_INITARRAY_Base</name>
         <value>0x0</value>
      </symbol>
      <symbol id="sm-a2c">
         <name>__TI_INITARRAY_Limit</name>
         <value>0x0</value>
      </symbol>
   </symbol_table>
   <title>Link successful</title>
</link_info>
